// Jest Snapshot v1, https://goo.gl/fbAQLP

exports[`LogIn renders without crashing 1`] = `
<div
  className="container LogIn"
>
  <form
    className="white"
    onSubmit={[Function]}
  >
    <h5
      className="grey-text text-darken-3"
    >
      Log In
    </h5>
    <div
      className="input-field"
    >
      <label
        htmlFor="email"
      >
        Email
      </label>
      <input
        id="email"
        onChange={[Function]}
        type="email"
      />
    </div>
    <div
      className="input-field"
    >
      <label
        htmlFor="password"
      >
        Password
      </label>
      <input
        id="password"
        onChange={[Function]}
        type="password"
      />
    </div>
    <div
      className="input-field"
    >
      <button
        className="btn red lighten-1 z-depth-0"
      >
        Log In
      </button>
    </div>
  </form>
</div>
`;
