// Jest Snapshot v1, https://goo.gl/fbAQLP

exports[`LoggedInLinks renders without crashing 1`] = `
<ul
  className="right LoggedInLinks"
>
  <li>
    <a
      aria-current={null}
      href="/create"
      onClick={[Function]}
    >
      New Project
    </a>
  </li>
  <li>
    <a
      aria-current="page"
      className="active"
      href="/"
      onClick={[Function]}
      style={Object {}}
    >
      Log Out
    </a>
  </li>
  <li>
    <a
      aria-current="page"
      className="btn btn-floating red lighten-1 active"
      href="/"
      onClick={[Function]}
      style={Object {}}
    >
      LD
    </a>
  </li>
</ul>
`;
