// Jest Snapshot v1, https://goo.gl/fbAQLP

exports[`Navbar renders without crashing 1`] = `
<nav
  className="nav-wrapper grey darken-3 Navbar"
>
  <div
    className="container"
  >
    <a
      className="brand-logo"
      href="/"
      onClick={[Function]}
    >
      MarioPlan
    </a>
    <ul
      className="right SignedInLinks"
    >
      <li>
        <a
          aria-current="page"
          className="active"
          href="/"
          onClick={[Function]}
          style={Object {}}
        >
          New Project
        </a>
      </li>
      <li>
        <a
          aria-current="page"
          className="active"
          href="/"
          onClick={[Function]}
          style={Object {}}
        >
          Log Out
        </a>
      </li>
      <li>
        <a
          aria-current="page"
          className="btn btn-floating red lighten-1 active"
          href="/"
          onClick={[Function]}
          style={Object {}}
        >
          LD
        </a>
      </li>
    </ul>
    <ul
      className="right SignedOutLinks"
    >
      <li>
        <a
          aria-current="page"
          className="active"
          href="/"
          onClick={[Function]}
          style={Object {}}
        >
          Sign Up
        </a>
      </li>
      <li>
        <a
          aria-current="page"
          className="active"
          href="/"
          onClick={[Function]}
          style={Object {}}
        >
          Log In
        </a>
      </li>
    </ul>
  </div>
</nav>
`;
