// Jest Snapshot v1, https://goo.gl/fbAQLP

exports[`App renders without crashing 1`] = `
<div
  className="App"
>
  <nav
    className="nav-wrapper grey darken-3"
  >
    <div
      className="container"
    >
      <a
        className="brand-logo"
        href="/"
        onClick={[Function]}
      >
        MarioPlan
      </a>
      <ul
        className="right"
      >
        <li>
          <a
            aria-current="page"
            className="active"
            href="/"
            onClick={[Function]}
            style={Object {}}
          >
            New Project
          </a>
        </li>
        <li>
          <a
            aria-current="page"
            className="active"
            href="/"
            onClick={[Function]}
            style={Object {}}
          >
            Log Out
          </a>
        </li>
        <li>
          <a
            aria-current="page"
            className="btn btn-floating red lighten-1 active"
            href="/"
            onClick={[Function]}
            style={Object {}}
          >
            LD
          </a>
        </li>
      </ul>
      <ul
        className="right"
      >
        <li>
          <a
            aria-current="page"
            className="active"
            href="/"
            onClick={[Function]}
            style={Object {}}
          >
            Sign Up
          </a>
        </li>
        <li>
          <a
            aria-current="page"
            className="active"
            href="/"
            onClick={[Function]}
            style={Object {}}
          >
            Log In
          </a>
        </li>
      </ul>
    </div>
  </nav>
  <h1>
    Mario Plan
  </h1>
</div>
`;
